// Jest Snapshot v1, https://goo.gl/fbAQLP

exports[`My Page renders correctly 1`] = `
<div
  className="sc-AxjAm jILPE"
>
  <p
    className="sc-AxirZ hYTMGg"
  >
    Clic which houses are you in ?
  </p>
  <button
    className="sc-AxiKw jBuzWk"
    onClick={[Function]}
  >
    clic
  </button>
</div>
`;
